This is LuaHBTeX, Version 1.24.0 (TeX Live 2026)  (format=lualatex 2026.3.7)  21 APR 2026 10:48
 system commands enabled.
 file:line:error style messages enabled.
**/Users/yohei/Documents/NUS/FYP/thesis/main.tex
(/Users/yohei/Documents/NUS/FYP/thesis/main.tex
LaTeX2e <2025-11-01>
L3 programming layer <2026-01-19>
Lua module: luaotfload 2024-12-03 v3.29 Lua based OpenType font support
Lua module: lualibs 2023-07-13 v2.76 ConTeXt Lua standard libraries.
Lua module: lualibs-extended 2023-07-13 v2.76 ConTeXt Lua libraries -- extended collection.
luaotfload | conf : Root cache directory is "/Users/yohei/Library/texlive/2026/texmf-var/luatex-cache/generic/names".
luaotfload | init : Loading fontloader "fontloader-2023-12-28.lua" from kpse-resolved path "/usr/local/texlive/2026/texmf-dist/tex/luatex/luaotfload/fontloader-2023-12-28.lua".
Lua-only attribute luaotfload@noligature = 1
luaotfload | init : Context OpenType loader version 3.134
Inserting `luaotfload.node_processor' in `pre_linebreak_filter'.
Inserting `luaotfload.node_processor' in `hpack_filter'.
Inserting `luaotfload.glyph_stream' in `glyph_stream_provider'.
Inserting `luaotfload.define_font' in `define_font'.
Lua-only attribute luaotfload_color_attribute = 2
luaotfload | conf : Root cache directory is "/Users/yohei/Library/texlive/2026/texmf-var/luatex-cache/generic/names".
Inserting `luaotfload.harf.strip_prefix' in `find_opentype_file'.
Inserting `luaotfload.harf.strip_prefix' in `find_truetype_file'.
Removing  `luaotfload.glyph_stream' from `glyph_stream_provider'.
Inserting `luaotfload.harf.glyphstream' in `glyph_stream_provider'.
Inserting `luaotfload.harf.finalize_vlist' in `post_linebreak_filter'.
Inserting `luaotfload.harf.finalize_hlist' in `hpack_filter'.
Inserting `luaotfload.cleanup_files' in `wrapup_run'.
Inserting `luaotfload.harf.finalize_unicode' in `finish_pdffile'.
Inserting `luaotfload.glyphinfo' in `glyph_info'.
Lua-only attribute luaotfload.letterspace_done = 3
Inserting `luaotfload.aux.set_sscale_dimens' in `luaotfload.patch_font'.
Inserting `luaotfload.aux.set_font_index' in `luaotfload.patch_font'.
Inserting `luaotfload.aux.patch_cambria_domh' in `luaotfload.patch_font'.
Inserting `luaotfload.aux.fixup_fontdata' in `luaotfload.patch_font_unsafe'.
Inserting `luaotfload.aux.set_capheight' in `luaotfload.patch_font'.
Inserting `luaotfload.aux.set_xheight' in `luaotfload.patch_font'.
Inserting `luaotfload.rewrite_fontname' in `luaotfload.patch_font'.
Inserting `tracingstacklevels' in `input_level_string'. (/usr/local/texlive/2026/texmf-dist/tex/latex/base/article.cls
Document Class: article 2025/01/22 v1.4n Standard LaTeX document class
(/usr/local/texlive/2026/texmf-dist/tex/latex/base/size12.clo
File: size12.clo 2025/01/22 v1.4n Standard LaTeX file (size option)
luaotfload | db : Font names database loaded from /Users/yohei/Library/texlive/2026/texmf-var/luatex-cache/generic/names/luaotfload-names.luc.gz)
\c@part=\count273
\c@section=\count274
\c@subsection=\count275
\c@subsubsection=\count276
\c@paragraph=\count277
\c@subparagraph=\count278
\c@figure=\count279
\c@table=\count280
\abovecaptionskip=\skip49
\belowcaptionskip=\skip50
\bibindent=\dimen147
) (/usr/local/texlive/2026/texmf-dist/tex/latex/base/inputenc.sty
Package: inputenc 2024/02/08 v1.3d Input encoding file
\inpenc@prehook=\toks17
\inpenc@posthook=\toks18


Package inputenc Warning: inputenc package ignored with utf8 based engines.

) (/usr/local/texlive/2026/texmf-dist/tex/latex/base/fontenc.sty
Package: fontenc 2025/07/18 v2.1d Standard LaTeX package
LaTeX Font Info:    Trying to load font information for T1+lmr on input line 116.
 (/usr/local/texlive/2026/texmf-dist/tex/latex/lm/t1lmr.fd
File: t1lmr.fd 2015/05/01 v1.6.1 Font defs for Latin Modern
)) (/usr/local/texlive/2026/texmf-dist/tex/latex/psnfss/mathpazo.sty
Package: mathpazo 2020/03/25 PSNFSS-v9.3 Palatino w/ Pazo Math (D.Puga, WaS) 
\symupright=\mathgroup4
) (/usr/local/texlive/2026/texmf-dist/tex/latex/amsmath/amsmath.sty
Package: amsmath 2025/07/09 v2.17z AMS math features
\@mathmargin=\skip51

For additional information on amsmath, use the `?' option.
(/usr/local/texlive/2026/texmf-dist/tex/latex/amsmath/amstext.sty
Package: amstext 2024/11/17 v2.01 AMS text
 (/usr/local/texlive/2026/texmf-dist/tex/latex/amsmath/amsgen.sty
File: amsgen.sty 1999/11/30 v2.0 generic functions
\@emptytoks=\toks19
\ex@=\dimen148
)) (/usr/local/texlive/2026/texmf-dist/tex/latex/amsmath/amsbsy.sty
Package: amsbsy 1999/11/29 v1.2d Bold Symbols
\pmbraise@=\dimen149
) (/usr/local/texlive/2026/texmf-dist/tex/latex/amsmath/amsopn.sty
Package: amsopn 2022/04/08 v2.04 operator names
)
\inf@bad=\count281
LaTeX Info: Redefining \frac on input line 235.
\uproot@=\count282
\leftroot@=\count283
LaTeX Info: Redefining \overline on input line 398.
LaTeX Info: Redefining \colon on input line 409.
\classnum@=\count284
\DOTSCASE@=\count285
LaTeX Info: Redefining \ldots on input line 495.
LaTeX Info: Redefining \dots on input line 498.
LaTeX Info: Redefining \cdots on input line 619.
\Mathstrutbox@=\box53
\strutbox@=\box54
LaTeX Info: Redefining \big on input line 721.
LaTeX Info: Redefining \Big on input line 722.
LaTeX Info: Redefining \bigg on input line 723.
LaTeX Info: Redefining \Bigg on input line 724.
\big@size=\dimen150
LaTeX Font Info:    Redeclaring font encoding OML on input line 742.
LaTeX Font Info:    Redeclaring font encoding OMS on input line 743.
\macc@depth=\count286
LaTeX Info: Redefining \bmod on input line 904.
LaTeX Info: Redefining \pmod on input line 909.
LaTeX Info: Redefining \smash on input line 939.
LaTeX Info: Redefining \relbar on input line 969.
LaTeX Info: Redefining \Relbar on input line 970.
\c@MaxMatrixCols=\count287
\dotsspace@=\muskip17
\c@parentequation=\count288
\dspbrk@lvl=\count289
\tag@help=\toks20
\row@=\count290
\column@=\count291
\maxfields@=\count292
\andhelp@=\toks21
\eqnshift@=\dimen151
\alignsep@=\dimen152
\tagshift@=\dimen153
\tagwidth@=\dimen154
\totwidth@=\dimen155
\lineht@=\dimen156
\@envbody=\toks22
\multlinegap=\skip52
\multlinetaggap=\skip53
\mathdisplay@stack=\toks23
LaTeX Info: Redefining \[ on input line 2950.
LaTeX Info: Redefining \] on input line 2951.
) (/usr/local/texlive/2026/texmf-dist/tex/latex/amsfonts/amssymb.sty
Package: amssymb 2013/01/14 v3.01 AMS font symbols
 (/usr/local/texlive/2026/texmf-dist/tex/latex/amsfonts/amsfonts.sty
Package: amsfonts 2013/01/14 v3.01 Basic AMSFonts support
\symAMSa=\mathgroup5
\symAMSb=\mathgroup6
LaTeX Font Info:    Redeclaring math symbol \hbar on input line 98.
LaTeX Font Info:    Overwriting math alphabet `\mathfrak' in version `bold'
(Font)                  U/euf/m/n --> U/euf/b/n on input line 106.
)) (/usr/local/texlive/2026/texmf-dist/tex/latex/algorithms/algorithm.sty
Package: algorithm 2009/08/24 v0.1 Document Style `algorithm' - floating environment
 (/usr/local/texlive/2026/texmf-dist/tex/latex/float/float.sty
Package: float 2001/11/08 v1.3d Float enhancements (AL)
\c@float@type=\count293
\float@exts=\toks24
\float@box=\box55
\@float@everytoks=\toks25
\@floatcapt=\box56
) (/usr/local/texlive/2026/texmf-dist/tex/latex/base/ifthen.sty
Package: ifthen 2024/03/16 v1.1e Standard LaTeX ifthen package (DPC)
)
\@float@every@algorithm=\toks26
\c@algorithm=\count294
) (/usr/local/texlive/2026/texmf-dist/tex/latex/algorithmicx/algpseudocode.sty
Package: algpseudocode 
 (/usr/local/texlive/2026/texmf-dist/tex/latex/algorithmicx/algorithmicx.sty
Package: algorithmicx 2005/04/27 v1.2 Algorithmicx

Document Style algorithmicx 1.2 - a greatly improved `algorithmic' style
\c@ALG@line=\count295
\c@ALG@rem=\count296
\c@ALG@nested=\count297
\ALG@tlm=\skip54
\ALG@thistlm=\skip55
\c@ALG@Lnr=\count298
\c@ALG@blocknr=\count299
\c@ALG@storecount=\count300
\c@ALG@tmpcounter=\count301
\ALG@tmplength=\skip56
)
Document Style - pseudocode environments for use with the `algorithmicx' style
) (/usr/local/texlive/2026/texmf-dist/tex/latex/graphics/graphicx.sty
Package: graphicx 2024/12/31 v1.2e Enhanced LaTeX Graphics (DPC,SPQR)
 (/usr/local/texlive/2026/texmf-dist/tex/latex/graphics/keyval.sty
Package: keyval 2022/05/29 v1.15 key=value parser (DPC)
\KV@toks@=\toks27
) (/usr/local/texlive/2026/texmf-dist/tex/latex/graphics/graphics.sty
Package: graphics 2024/08/06 v1.4g Standard LaTeX Graphics (DPC,SPQR)
 (/usr/local/texlive/2026/texmf-dist/tex/latex/graphics/trig.sty
Package: trig 2023/12/02 v1.11 sin cos tan (DPC)
) (/usr/local/texlive/2026/texmf-dist/tex/latex/graphics-cfg/graphics.cfg
File: graphics.cfg 2016/06/04 v1.11 sample graphics configuration
)
Package graphics Info: Driver file: luatex.def on input line 106.
 (/usr/local/texlive/2026/texmf-dist/tex/latex/graphics-def/luatex.def
File: luatex.def 2025/09/29 v1.2f Graphics/color driver for luatex
))
\Gin@req@height=\dimen157
\Gin@req@width=\dimen158
) (/usr/local/texlive/2026/texmf-dist/tex/latex/booktabs/booktabs.sty
Package: booktabs 2020/01/12 v1.61803398 Publication quality tables
\heavyrulewidth=\dimen159
\lightrulewidth=\dimen160
\cmidrulewidth=\dimen161
\belowrulesep=\dimen162
\belowbottomsep=\dimen163
\aboverulesep=\dimen164
\abovetopsep=\dimen165
\cmidrulesep=\dimen166
\cmidrulekern=\dimen167
\defaultaddspace=\dimen168
\@cmidla=\count302
\@cmidlb=\count303
\@aboverulesep=\dimen169
\@belowrulesep=\dimen170
\@thisruleclass=\count304
\@lastruleclass=\count305
\@thisrulewidth=\dimen171
) (/usr/local/texlive/2026/texmf-dist/tex/latex/setspace/setspace.sty
Package: setspace 2022/12/04 v6.7b set line spacing
) (/usr/local/texlive/2026/texmf-dist/tex/latex/geometry/geometry.sty
Package: geometry 2020/01/02 v5.9 Page Geometry
 (/usr/local/texlive/2026/texmf-dist/tex/generic/iftex/ifvtex.sty
Package: ifvtex 2019/10/25 v1.7 ifvtex legacy package. Use iftex instead.
 (/usr/local/texlive/2026/texmf-dist/tex/generic/iftex/iftex.sty
Package: iftex 2024/12/12 v1.0g TeX engine tests
))
\Gm@cnth=\count306
\Gm@cntv=\count307
\c@Gm@tempcnt=\count308
\Gm@bindingoffset=\dimen172
\Gm@wd@mp=\dimen173
\Gm@odd@mp=\dimen174
\Gm@even@mp=\dimen175
\Gm@layoutwidth=\dimen176
\Gm@layoutheight=\dimen177
\Gm@layouthoffset=\dimen178
\Gm@layoutvoffset=\dimen179
\Gm@dimlist=\toks28
) (/usr/local/texlive/2026/texmf-dist/tex/generic/babel/babel.sty
Package: babel 2026/02/14 v26.3 The multilingual framework for LuaLaTeX, pdfLaTeX and XeLaTeX
 (/usr/local/texlive/2026/texmf-dist/tex/generic/babel/luababel.def
\bbl@readstream=\read2
\l@dumylang=\language2
Package babel Info: Non-standard hyphenation setup on input line 118.
\l@nohyphenation=\language3
\l@german-x-2024-02-28=\language4
\l@ngerman-x-2024-02-28=\language5
\l@afrikaans=\language6
\l@albanian=\language7
\l@ancientgreek=\language8
\l@ibycus=\language9
\l@arabic=\language10
\l@armenian=\language11
\l@basque=\language12
\l@belarusian=\language13
\l@bulgarian=\language14
\l@catalan=\language15
\l@pinyin=\language16
\l@churchslavonic=\language17
\l@coptic=\language18
\l@croatian=\language19
\l@czech=\language20
\l@danish=\language21
\l@dutch=\language22
\l@ukenglish=\language23
\l@usenglishmax=\language24
\l@esperanto=\language25
\l@estonian=\language26
\l@ethiopic=\language27
\l@farsi=\language28
\l@finnish=\language29
\l@schoolfinnish=\language30
\l@french=\language31
\l@friulan=\language32
\l@galician=\language33
\l@georgian=\language34
\l@german=\language35
\l@ngerman=\language36
\l@swissgerman=\language37
\l@greek=\language38
\l@monogreek=\language39
\l@hebrew=\language40
\l@hungarian=\language41
\l@icelandic=\language42
\l@assamese=\language43
\l@bengali=\language44
\l@gujarati=\language45
\l@hindi=\language46
\l@kannada=\language47
\l@malayalam=\language48
\l@marathi=\language49
\l@oriya=\language50
\l@pali=\language51
\l@panjabi=\language52
\l@tamil=\language53
\l@telugu=\language54
\l@indonesian=\language55
\l@interlingua=\language56
\l@irish=\language57
\l@italian=\language58
\l@kazakh=\language59
\l@kurmanji=\language60
\l@classiclatin=\language61
\l@latin=\language62
\l@liturgicallatin=\language63
\l@latvian=\language64
\l@lithuanian=\language65
\l@macedonian=\language66
\l@mongolian=\language67
\l@mongolianlmc=\language68
\l@bokmal=\language69
\l@nynorsk=\language70
\l@occitan=\language71
\l@piedmontese=\language72
\l@polish=\language73
\l@portuguese=\language74
\l@romanian=\language75
\l@romansh=\language76
\l@russian=\language77
\l@sanskrit=\language78
\l@serbian=\language79
\l@serbianc=\language80
\l@slovak=\language81
\l@slovenian=\language82
\l@spanish=\language83
\l@swedish=\language84
\l@thai=\language85
\l@turkish=\language86
\l@turkmen=\language87
\l@ukrainian=\language88
\l@uppersorbian=\language89
\l@vietnamese=\language90
\l@welsh=\language91
\babelcatcodetablenum=\catcodetable14
\bbl@pattcodes=\catcodetable15
)
\babel@savecnt=\count309
LaTeX Encoding Info:    Redeclaring text command \ij (encoding OT1) on input line 2078.
LaTeX Encoding Info:    Redeclaring text command \IJ (encoding OT1) on input line 2080.
LaTeX Encoding Info:    Redeclaring text command \ij (encoding T1) on input line 2082.
LaTeX Encoding Info:    Redeclaring text command \IJ (encoding T1) on input line 2083.
LaTeX Encoding Info:    Ignoring declaration for text command \ij (encoding ?) on input line 2084.
LaTeX Encoding Info:    Ignoring declaration for text command \IJ (encoding ?) on input line 2086.
LaTeX Encoding Info:    Ignoring declaration for text command \SS (encoding ?) on input line 2111.
\U@D=\dimen180
\l@unhyphenated=\language92
 (/usr/local/texlive/2026/texmf-dist/tex/generic/babel/luababel.def
\bbl@attr@locale=\attribute4
) (/usr/local/texlive/2026/texmf-dist/tex/generic/babel/locale/en/babel-american.tex)
Package babel Info: Importing font and identification data for american
(babel)             from babel-en-US.ini. Reported on input line 4330.
 (/usr/local/texlive/2026/texmf-dist/tex/generic/babel-english/american.ldf
Language: american 2017/06/06 v3.3r English support from the babel system
 (/usr/local/texlive/2026/texmf-dist/tex/generic/babel-english/english.ldf
Language: english 2017/06/06 v3.3r English support from the babel system
Package babel Info: Hyphen rules for 'canadian' set to \l@english
(babel)             (\language0). Reported on input line 102.
Package babel Info: Hyphen rules for 'australian' set to \l@ukenglish
(babel)             (\language23). Reported on input line 105.
Package babel Info: Hyphen rules for 'newzealand' set to \l@ukenglish
(babel)             (\language23). Reported on input line 108.
))) (/usr/local/texlive/2026/texmf-dist/tex/latex/csquotes/csquotes.sty
Package: csquotes 2024-04-04 v5.2o context-sensitive quotations (JAW)
 (/usr/local/texlive/2026/texmf-dist/tex/latex/etoolbox/etoolbox.sty
Package: etoolbox 2025/10/02 v2.5m e-TeX tools for LaTeX (JAW)
\etb@tempcnta=\count310
)
\csq@reset=\count311
\csq@gtype=\count312
\csq@glevel=\count313
\csq@qlevel=\count314
\csq@maxlvl=\count315
\csq@tshold=\count316
\csq@ltx@everypar=\toks29
 (/usr/local/texlive/2026/texmf-dist/tex/latex/csquotes/csquotes.def
File: csquotes.def 2024-04-04 v5.2o csquotes generic definitions (JAW)
)
Package csquotes Info: Trying to load configuration file 'csquotes.cfg'...
Package csquotes Info: ... configuration file loaded successfully.
 (/usr/local/texlive/2026/texmf-dist/tex/latex/csquotes/csquotes.cfg
File: csquotes.cfg 
)) (/usr/local/texlive/2026/texmf-dist/tex/latex/biblatex/biblatex.sty
Package: biblatex 2025/07/10 v3.21 programmable bibliographies (PK/MW)
 (/usr/local/texlive/2026/texmf-dist/tex/generic/pdftexcmds/pdftexcmds.sty
Package: pdftexcmds 2020-06-27 v0.33 Utility functions of pdfTeX for LuaTeX (HO)
 (/usr/local/texlive/2026/texmf-dist/tex/generic/infwarerr/infwarerr.sty
Package: infwarerr 2019/12/03 v1.5 Providing info/warning/error messages (HO)
) (/usr/local/texlive/2026/texmf-dist/tex/generic/ltxcmds/ltxcmds.sty
Package: ltxcmds 2023-12-04 v1.26 LaTeX kernel commands for general use (HO)
)
Package pdftexcmds Info: \pdf@primitive is available.
Package pdftexcmds Info: \pdf@ifprimitive is available.
Package pdftexcmds Info: \pdfdraftmode found.
\pdftexcmds@toks=\toks30
) (/usr/local/texlive/2026/texmf-dist/tex/latex/kvoptions/kvoptions.sty
Package: kvoptions 2022-06-15 v3.15 Key value format for package options (HO)
 (/usr/local/texlive/2026/texmf-dist/tex/latex/kvsetkeys/kvsetkeys.sty
Package: kvsetkeys 2022-10-05 v1.19 Key value parser (HO)
)) (/usr/local/texlive/2026/texmf-dist/tex/latex/logreq/logreq.sty
Package: logreq 2010/08/04 v1.0 xml request logger
\lrq@indent=\count317
 (/usr/local/texlive/2026/texmf-dist/tex/latex/logreq/logreq.def
File: logreq.def 2010/08/04 v1.0 logreq spec v1.0
)) (/usr/local/texlive/2026/texmf-dist/tex/latex/url/url.sty
\Urlmuskip=\muskip18
Package: url 2013/09/16  ver 3.4  Verb mode for urls, etc.
)
\c@tabx@nest=\count318
\c@listtotal=\count319
\c@listcount=\count320
\c@liststart=\count321
\c@liststop=\count322
\c@citecount=\count323
\c@citetotal=\count324
\c@multicitecount=\count325
\c@multicitetotal=\count326
\c@instcount=\count327
\c@maxnames=\count328
\c@minnames=\count329
\c@maxitems=\count330
\c@minitems=\count331
\c@citecounter=\count332
\c@maxcitecounter=\count333
\c@savedcitecounter=\count334
\c@uniquelist=\count335
\c@uniquename=\count336
\c@refsection=\count337
\c@refsegment=\count338
\c@maxextratitle=\count339
\c@maxextratitleyear=\count340
\c@maxextraname=\count341
\c@maxextradate=\count342
\c@maxextraalpha=\count343
\c@abbrvpenalty=\count344
\c@highnamepenalty=\count345
\c@lownamepenalty=\count346
\c@maxparens=\count347
\c@parenlevel=\count348
\blx@tempcnta=\count349
\blx@tempcntb=\count350
\blx@tempcntc=\count351
\c@blx@maxsection=\count352
\blx@maxsegment@0=\count353
\blx@notetype=\count354
\blx@parenlevel@text=\count355
\blx@parenlevel@foot=\count356
\blx@sectionciteorder@0=\count357
\blx@sectionciteorderinternal@0=\count358
\blx@entrysetcounter=\count359
\blx@biblioinstance=\count360
\labelnumberwidth=\skip57
\labelalphawidth=\skip58
\biblabelsep=\skip59
\bibitemsep=\skip60
\bibnamesep=\skip61
\bibinitsep=\skip62
\bibparsep=\skip63
\bibhang=\skip64
\blx@bcfin=\read3
\blx@bcfout=\write3
\blx@langwohyphens=\language93
\c@mincomprange=\count361
\c@maxcomprange=\count362
\c@mincompwidth=\count363
Package biblatex Info: Trying to load biblatex default data model...
Package biblatex Info: ... file 'blx-dm.def' found.
 (/usr/local/texlive/2026/texmf-dist/tex/latex/biblatex/blx-dm.def
File: blx-dm.def 2025/07/10 v3.21 biblatex datamodel (PK/MW)
)
Package biblatex Info: Trying to load biblatex style data model...
Package biblatex Info: ... file 'apa.dbx' found.
 (/usr/local/texlive/2026/texmf-dist/tex/latex/biblatex-apa/apa.dbx
File: apa.dbx 2025/08/27 v9.20 APA biblatex style data model
)
Package biblatex Info: Trying to load biblatex custom data model...
Package biblatex Info: ... file 'biblatex-dm.cfg' not found.
\c@afterword=\count364
\c@savedafterword=\count365
\c@annotator=\count366
\c@savedannotator=\count367
\c@author=\count368
\c@savedauthor=\count369
\c@bookauthor=\count370
\c@savedbookauthor=\count371
\c@commentator=\count372
\c@savedcommentator=\count373
\c@editor=\count374
\c@savededitor=\count375
\c@editora=\count376
\c@savededitora=\count377
\c@editorb=\count378
\c@savededitorb=\count379
\c@editorc=\count380
\c@savededitorc=\count381
\c@foreword=\count382
\c@savedforeword=\count383
\c@holder=\count384
\c@savedholder=\count385
\c@introduction=\count386
\c@savedintroduction=\count387
\c@namea=\count388
\c@savednamea=\count389
\c@nameb=\count390
\c@savednameb=\count391
\c@namec=\count392
\c@savednamec=\count393
\c@translator=\count394
\c@savedtranslator=\count395
\c@shortauthor=\count396
\c@savedshortauthor=\count397
\c@shorteditor=\count398
\c@savedshorteditor=\count399
\c@narrator=\count400
\c@savednarrator=\count401
\c@execproducer=\count402
\c@savedexecproducer=\count403
\c@execdirector=\count404
\c@savedexecdirector=\count405
\c@with=\count406
\c@savedwith=\count407
\c@labelname=\count408
\c@savedlabelname=\count409
\c@institution=\count410
\c@savedinstitution=\count411
\c@lista=\count412
\c@savedlista=\count413
\c@listb=\count414
\c@savedlistb=\count415
\c@listc=\count416
\c@savedlistc=\count417
\c@listd=\count418
\c@savedlistd=\count419
\c@liste=\count420
\c@savedliste=\count421
\c@listf=\count422
\c@savedlistf=\count423
\c@location=\count424
\c@savedlocation=\count425
\c@organization=\count426
\c@savedorganization=\count427
\c@origlocation=\count428
\c@savedoriglocation=\count429
\c@origpublisher=\count430
\c@savedorigpublisher=\count431
\c@publisher=\count432
\c@savedpublisher=\count433
\c@language=\count434
\c@savedlanguage=\count435
\c@origlanguage=\count436
\c@savedoriglanguage=\count437
\c@citation=\count438
\c@savedcitation=\count439
\c@pageref=\count440
\c@savedpageref=\count441
\shorthandwidth=\skip65
\shortjournalwidth=\skip66
\shortserieswidth=\skip67
\shorttitlewidth=\skip68
\shortauthorwidth=\skip69
\shorteditorwidth=\skip70
\locallabelnumberwidth=\skip71
\locallabelalphawidth=\skip72
\localshorthandwidth=\skip73
\localshortjournalwidth=\skip74
\localshortserieswidth=\skip75
\localshorttitlewidth=\skip76
\localshortauthorwidth=\skip77
\localshorteditorwidth=\skip78
Package biblatex Info: Trying to load enhanced support for Unicode engines...
Package biblatex Info: ... file 'blx-unicode.def' found.
 (/usr/local/texlive/2026/texmf-dist/tex/latex/biblatex/blx-unicode.def)
Package biblatex Info: Trying to load compatibility code...
Package biblatex Info: ... file 'blx-compat.def' found.
 (/usr/local/texlive/2026/texmf-dist/tex/latex/biblatex/blx-compat.def
File: blx-compat.def 2025/07/10 v3.21 biblatex compatibility (PK/MW)
)
Package biblatex Info: Trying to load generic definitions...
Package biblatex Info: ... file 'biblatex.def' found.
 (/usr/local/texlive/2026/texmf-dist/tex/latex/biblatex/biblatex.def
File: biblatex.def 2025/07/10 v3.21 biblatex compatibility (PK/MW)
\c@textcitecount=\count442
\c@textcitetotal=\count443
\c@textcitemaxnames=\count444
\c@biburlbigbreakpenalty=\count445
\c@biburlbreakpenalty=\count446
\c@biburlnumpenalty=\count447
\c@biburlucpenalty=\count448
\c@biburllcpenalty=\count449
\biburlbigskip=\muskip19
\biburlnumskip=\muskip20
\biburlucskip=\muskip21
\biburllcskip=\muskip22
\c@smartand=\count450
)
Package biblatex Info: Trying to load natbib compatibility...
Package biblatex Info: ... file 'blx-natbib.def' found.
 (/usr/local/texlive/2026/texmf-dist/tex/latex/biblatex/blx-natbib.def
File: blx-natbib.def 2025/07/10 v3.21 biblatex compatibility (PK/MW)
Package biblatex Info: Delimiter 'nameyeardelim' in context '' already defined, overwriting.
)
Package biblatex Info: Trying to load bibliography style 'apa'...
Package biblatex Info: ... file 'apa.bbx' found.
 (/usr/local/texlive/2026/texmf-dist/tex/latex/biblatex-apa/apa.bbx
File: apa.bbx 2025/08/27 v9.20 APA biblatex references style
Package biblatex Info: Trying to load bibliography style 'standard'...
Package biblatex Info: ... file 'standard.bbx' found.
 (/usr/local/texlive/2026/texmf-dist/tex/latex/biblatex/bbx/standard.bbx
File: standard.bbx 2025/07/10 v3.21 biblatex bibliography style (PK/MW)
\c@bbx:relatedcount=\count451
\c@bbx:relatedtotal=\count452
)
Package biblatex Info: Delimiter 'nameyeardelim' in context 'bib' already defined, overwriting.
Package biblatex Info: Delimiter 'nameyeardelim' in context 'biblist' already defined, overwriting.
Package biblatex Info: Delimiter 'nonameyeardelim' in context 'bib' already defined, overwriting.
Package biblatex Info: Delimiter 'nonameyeardelim' in context 'biblist' already defined, overwriting.
)
Package biblatex Info: Trying to load citation style 'apa'...
Package biblatex Info: ... file 'apa.cbx' found.
 (/usr/local/texlive/2026/texmf-dist/tex/latex/biblatex-apa/apa.cbx
File: apa.cbx 2025/08/27 v9.20 APA biblatex citation style
Package biblatex Info: Delimiter 'nameyeardelim' in context '' already defined, overwriting.
Package biblatex Info: Delimiter 'andothersdelim' in context '' already defined, overwriting.
Package biblatex Info: Redefining '\fullcite'.
Package biblatex Info: Redefining '\citeauthor'.
Package biblatex Info: Redefining '\citeyear'.
Package biblatex Info: Redefining '\cite'.
Package biblatex Info: Redefining '\cites'.
Package biblatex Info: Redefining '\parencite'.
Package biblatex Info: Redefining '\parencites'.
Package biblatex Info: Redefining '\footcite'.
Package biblatex Info: Redefining '\footcites'.
Package biblatex Info: Redefining '\footcitetext'.
Package biblatex Info: Redefining '\footcitetexts'.
Package biblatex Info: Redefining '\smartcite'.
Package biblatex Info: Redefining '\smartcites'.
Package biblatex Info: Redefining '\textcite'.
Package biblatex Info: Redefining '\textcites'.
Lua function BLTXAPAifInParensTF = 31)
Package biblatex Info: Trying to load configuration file...
Package biblatex Info: ... file 'biblatex.cfg' found.
 (/usr/local/texlive/2026/texmf-dist/tex/latex/biblatex/biblatex.cfg
File: biblatex.cfg 
)
Package biblatex Info: LuaTeX detected.
(biblatex)             Assuming input encoding 'utf8'.
Package biblatex Info: Document encoding is UTF8 ....
 (/usr/local/texlive/2026/texmf-dist/tex/latex/l3kernel/expl3.sty
Package: expl3 2026-01-19 L3 programming layer (loader) 
 (/usr/local/texlive/2026/texmf-dist/tex/latex/l3backend/l3backend-luatex.def
File: l3backend-luatex.def 2025-10-09 L3 backend support: PDF output (LuaTeX)
\l__color_backend_stack_int=\count453
Inserting `l3color' in `luaotfload.parse_color'.))
Package biblatex Info: ... and expl3
(biblatex)             2026-01-19 L3 programming layer (loader) 
(biblatex)             is new enough (at least 2020/04/06),
(biblatex)             setting 'casechanger=expl3'.
 (/usr/local/texlive/2026/texmf-dist/tex/latex/biblatex/blx-case-expl3.sty (/usr/local/texlive/2026/texmf-dist/tex/latex/l3packages/xparse/xparse.sty
Package: xparse 2025-10-09 L3 Experimental document command parser
)
Package: blx-case-expl3 2025/07/10 v3.21 expl3 case changing code for biblatex
)) (/usr/local/texlive/2026/texmf-dist/tex/latex/hyperref/hyperref.sty
Package: hyperref 2026-01-29 v7.01p Hypertext links for LaTeX
 (/usr/local/texlive/2026/texmf-dist/tex/generic/kvdefinekeys/kvdefinekeys.sty
Package: kvdefinekeys 2019-12-19 v1.6 Define keys (HO)
) (/usr/local/texlive/2026/texmf-dist/tex/generic/pdfescape/pdfescape.sty
Package: pdfescape 2019/12/09 v1.15 Implements pdfTeX's escape features (HO)
) (/usr/local/texlive/2026/texmf-dist/tex/latex/hycolor/hycolor.sty
Package: hycolor 2020-01-27 v1.10 Color options for hyperref/bookmark (HO)
) (/usr/local/texlive/2026/texmf-dist/tex/latex/hyperref/nameref.sty
Package: nameref 2026-01-29 v2.58 Cross-referencing by name of section
 (/usr/local/texlive/2026/texmf-dist/tex/latex/refcount/refcount.sty
Package: refcount 2019/12/15 v3.6 Data extraction from label references (HO)
) (/usr/local/texlive/2026/texmf-dist/tex/generic/gettitlestring/gettitlestring.sty
Package: gettitlestring 2019/12/15 v1.6 Cleanup title references (HO)
)
\c@section@level=\count454
) (/usr/local/texlive/2026/texmf-dist/tex/generic/stringenc/stringenc.sty
Package: stringenc 2019/11/29 v1.12 Convert strings between diff. encodings (HO)
)
\@linkdim=\dimen181
\Hy@linkcounter=\count455
\Hy@pagecounter=\count456
 (/usr/local/texlive/2026/texmf-dist/tex/latex/hyperref/pd1enc.def
File: pd1enc.def 2026-01-29 v7.01p Hyperref: PDFDocEncoding definition (HO)
) (/usr/local/texlive/2026/texmf-dist/tex/generic/intcalc/intcalc.sty
Package: intcalc 2019/12/15 v1.3 Expandable calculations with integers (HO)
)
\Hy@SavedSpaceFactor=\count457
 (/usr/local/texlive/2026/texmf-dist/tex/latex/hyperref/puenc.def
File: puenc.def 2026-01-29 v7.01p Hyperref: PDF Unicode definition (HO)
)
Package hyperref Info: Option `colorlinks' set `true' on input line 4072.
Package hyperref Info: Hyper figures OFF on input line 4201.
Package hyperref Info: Link nesting OFF on input line 4206.
Package hyperref Info: Hyper index ON on input line 4209.
Package hyperref Info: Plain pages OFF on input line 4216.
Package hyperref Info: Backreferencing OFF on input line 4221.
Package hyperref Info: Implicit mode ON; LaTeX internals redefined.
Package hyperref Info: Bookmarks ON on input line 4468.
\c@Hy@tempcnt=\count458
LaTeX Info: Redefining \url on input line 4807.
\XeTeXLinkMargin=\dimen182
 (/usr/local/texlive/2026/texmf-dist/tex/generic/bitset/bitset.sty
Package: bitset 2019/12/09 v1.3 Handle bit-vector datatype (HO)
 (/usr/local/texlive/2026/texmf-dist/tex/generic/bigintcalc/bigintcalc.sty
Package: bigintcalc 2019/12/15 v1.5 Expandable calculations on big integers (HO)
))
\Fld@menulength=\count459
\Field@Width=\dimen183
\Fld@charsize=\dimen184
Package hyperref Info: Hyper figures OFF on input line 6084.
Package hyperref Info: Link nesting OFF on input line 6089.
Package hyperref Info: Hyper index ON on input line 6092.
Package hyperref Info: backreferencing OFF on input line 6099.
Package hyperref Info: Link coloring ON on input line 6102.
Package hyperref Info: Link coloring with OCG OFF on input line 6109.
Package hyperref Info: PDF/A mode OFF on input line 6114.
\Hy@abspage=\count460
\c@Item=\count461
\c@Hfootnote=\count462
)
Package hyperref Info: Driver (autodetected): hluatex.
 (/usr/local/texlive/2026/texmf-dist/tex/latex/hyperref/hluatex.def
File: hluatex.def 2026-01-29 v7.01p Hyperref driver for luaTeX
\Fld@listcount=\count463
\c@bookmark@seq@number=\count464
 (/usr/local/texlive/2026/texmf-dist/tex/latex/rerunfilecheck/rerunfilecheck.sty
Package: rerunfilecheck 2025-06-21 v1.11 Rerun checks for auxiliary files (HO)
 (/usr/local/texlive/2026/texmf-dist/tex/generic/uniquecounter/uniquecounter.sty
Package: uniquecounter 2019/12/15 v1.4 Provide unlimited unique counter (HO)
)
Package uniquecounter Info: New unique counter `rerunfilecheck' on input line 284.
)
\Hy@SectionHShift=\skip79
)
Package csquotes Info: Checking for multilingual support...
Package csquotes Info: ... found 'babel' package.
Package csquotes Info: Adjusting default style.
Package csquotes Info: Redefining alias 'default' -> 'american'.
LaTeX Font Info:    Trying to load font information for T1+ppl on input line 31.
 (/usr/local/texlive/2026/texmf-dist/tex/latex/psnfss/t1ppl.fd
File: t1ppl.fd 2001/06/04 font definitions for T1/ppl.
) (./out/main.aux)
\openout1 = main.aux

LaTeX Font Info:    Checking defaults for OML/cmm/m/it on input line 31.
LaTeX Font Info:    ... okay on input line 31.
LaTeX Font Info:    Checking defaults for OMS/cmsy/m/n on input line 31.
LaTeX Font Info:    ... okay on input line 31.
LaTeX Font Info:    Checking defaults for OT1/cmr/m/n on input line 31.
LaTeX Font Info:    ... okay on input line 31.
LaTeX Font Info:    Checking defaults for T1/cmr/m/n on input line 31.
LaTeX Font Info:    ... okay on input line 31.
LaTeX Font Info:    Checking defaults for TS1/cmr/m/n on input line 31.
LaTeX Font Info:    ... okay on input line 31.
LaTeX Font Info:    Checking defaults for TU/lmr/m/n on input line 31.
LaTeX Font Info:    ... okay on input line 31.
LaTeX Font Info:    Checking defaults for OMX/cmex/m/n on input line 31.
LaTeX Font Info:    ... okay on input line 31.
LaTeX Font Info:    Checking defaults for U/cmr/m/n on input line 31.
LaTeX Font Info:    ... okay on input line 31.
LaTeX Font Info:    Checking defaults for PD1/pdf/m/n on input line 31.
LaTeX Font Info:    ... okay on input line 31.
LaTeX Font Info:    Checking defaults for PU/pdf/m/n on input line 31.
LaTeX Font Info:    ... okay on input line 31.
 (/usr/local/texlive/2026/texmf-dist/tex/context/base/mkii/supp-pdf.mkii
[Loading MPS to PDF converter (version 2006.09.02).]
\scratchcounter=\count465
\scratchdimen=\dimen185
\scratchbox=\box57
\nofMPsegments=\count466
\nofMParguments=\count467
\everyMPshowfont=\toks31
\MPscratchCnt=\count468
\MPscratchDim=\dimen186
\MPnumerator=\count469
\makeMPintoPDFobject=\count470
\everyMPtoPDFconversion=\toks32
) (/usr/local/texlive/2026/texmf-dist/tex/latex/epstopdf-pkg/epstopdf-base.sty
Package: epstopdf-base 2020-01-24 v2.11 Base part for package epstopdf
Package epstopdf-base Info: Redefining graphics rule for `.eps' on input line 485.
 (/usr/local/texlive/2026/texmf-dist/tex/latex/latexconfig/epstopdf-sys.cfg
File: epstopdf-sys.cfg 2010/07/13 v1.3 Configuration of (r)epstopdf for TeX Live
))
*geometry* driver: auto-detecting
*geometry* detected driver: luatex
*geometry* verbose mode - [ preamble ] result:
* driver: luatex
* paper: a4paper
* layout: <same size as paper>
* layoutoffset:(h,v)=(0.0pt,0.0pt)
* modes: 
* h-part:(L,W,R)=(72.26999pt, 452.9679pt, 72.26999pt)
* v-part:(T,H,B)=(72.26999pt, 700.50687pt, 72.26999pt)
* \paperwidth=597.50787pt
* \paperheight=845.04684pt
* \textwidth=452.9679pt
* \textheight=700.50687pt
* \oddsidemargin=0.0pt
* \evensidemargin=0.0pt
* \topmargin=-37.0pt
* \headheight=12.0pt
* \headsep=25.0pt
* \topskip=12.0pt
* \footskip=30.0pt
* \marginparwidth=35.0pt
* \marginparsep=10.0pt
* \columnsep=10.0pt
* \skip\footins=10.8pt plus 4.0pt minus 2.0pt
* \hoffset=0.0pt
* \voffset=0.0pt
* \mag=1000
* \@twocolumnfalse
* \@twosidefalse
* \@mparswitchfalse
* \@reversemarginfalse
* (1in=72.27pt=25.4mm, 1cm=28.453pt)

Package biblatex Info: Trying to load language 'american' -> 'american-apa'...
Package biblatex Info: ... file 'american-apa.lbx' found.
(/usr/local/texlive/2026/texmf-dist/tex/latex/biblatex-apa/american-apa.lbx
File: american-apa.lbx 2025/08/27 v9.20 APA biblatex localisation
Package biblatex Info: Trying to load language 'american'...
Package biblatex Info: ... file 'american.lbx' found.
 (/usr/local/texlive/2026/texmf-dist/tex/latex/biblatex/lbx/american.lbx
File: american.lbx 2025/07/10 v3.21 biblatex localization (PK/MW)
Package biblatex Info: Trying to load language 'english' -> 'english-apa'...
Package biblatex Info: ... file 'english-apa.lbx' found.
 (/usr/local/texlive/2026/texmf-dist/tex/latex/biblatex-apa/english-apa.lbx
File: english-apa.lbx 2025/08/27 v9.20 APA biblatex localisation
Package biblatex Info: Trying to load language 'english'...
Package biblatex Info: ... file 'english.lbx' found.
 (/usr/local/texlive/2026/texmf-dist/tex/latex/biblatex/lbx/english.lbx
File: english.lbx 2025/07/10 v3.21 biblatex localization (PK/MW)
)))
Package biblatex Info: Trying to load language 'american'...
Package biblatex Info: ... file 'american.lbx' found.
 (/usr/local/texlive/2026/texmf-dist/tex/latex/biblatex/lbx/american.lbx
File: american.lbx 2025/07/10 v3.21 biblatex localization (PK/MW)
Package biblatex Info: Trying to load language 'english' -> 'english-apa'...
Package biblatex Info: ... file 'english-apa.lbx' found.
 (/usr/local/texlive/2026/texmf-dist/tex/latex/biblatex-apa/english-apa.lbx
File: english-apa.lbx 2025/08/27 v9.20 APA biblatex localisation
Package biblatex Info: Trying to load language 'american'...
Package biblatex Info: ... file 'american.lbx' found.
 (/usr/local/texlive/2026/texmf-dist/tex/latex/biblatex/lbx/american.lbx
File: american.lbx 2025/07/10 v3.21 biblatex localization (PK/MW)
Package biblatex Info: Trying to load language 'english'...
Package biblatex Info: ... file 'english.lbx' found.
 (/usr/local/texlive/2026/texmf-dist/tex/latex/biblatex/lbx/english.lbx
File: english.lbx 2025/07/10 v3.21 biblatex localization (PK/MW)
)))))
Package biblatex Info: LuaTeX detected.
(biblatex)             Assuming input encoding 'utf8'.
Package biblatex Info: Automatic encoding selection.
(biblatex)             Assuming data encoding 'utf8'.

\openout3 = main.bcf
Package biblatex Info: Trying to load bibliographic data...
Package biblatex Info: ... file 'main.bbl' found.
 (./out/main.bbl)
Package biblatex Info: Reference section=0 on input line 31.
Package biblatex Info: Reference segment=0 on input line 31.
 (/usr/local/texlive/2026/texmf-dist/tex/latex/graphics/color.sty
Package: color 2025/01/14 v1.3e Standard LaTeX Color (DPC)
 (/usr/local/texlive/2026/texmf-dist/tex/latex/graphics-cfg/color.cfg
File: color.cfg 2016/01/02 v1.6 sample color configuration
)
Package color Info: Driver file: luatex.def on input line 149.
 (/usr/local/texlive/2026/texmf-dist/tex/latex/graphics/mathcolor.ltx))
Package hyperref Info: Link coloring ON on input line 31.
 (./out/main.out) (./out/main.out)
\@outlinefile=\write4

\openout4 = main.out

Missing character: There is no — (U+2014) in font pplr8t!
Missing character: There is no — (U+2014) in font pplr8t!
Missing character: There is no “ (U+201C) in font pplr8t!
Missing character: There is no ” (U+201D) in font pplr8t!
Missing character: There is no “ (U+201C) in font pplr8t!
Missing character: There is no ” (U+201D) in font pplr8t!
Missing character: There is no — (U+2014) in font pplr8t!
Missing character: There is no — (U+2014) in font pplr8t!
Missing character: There is no “ (U+201C) in font pplr8t!
Missing character: There is no ” (U+201D) in font pplr8t!
Missing character: There is no “ (U+201C) in font pplr8t!
Missing character: There is no ” (U+201D) in font pplr8t!
Missing character: There is no — (U+2014) in font pplr8t!
Missing character: There is no — (U+2014) in font pplr8t!
Missing character: There is no — (U+2014) in font pplr8t!
Missing character: There is no — (U+2014) in font pplr8t!
Missing character: There is no “ (U+201C) in font pplr8t!
Missing character: There is no ” (U+201D) in font pplr8t!
Missing character: There is no “ (U+201C) in font pplr8t!
Missing character: There is no ” (U+201D) in font pplr8t!
Missing character: There is no — (U+2014) in font pplr8t!
Missing character: There is no — (U+2014) in font pplr8t!
[1

{/usr/local/texlive/2026/texmf-var/fonts/map/pdftex/updmap/pdftex.map}
Missing character: There is no — (U+2014) in font pplr8t!
Missing character: There is no — (U+2014) in font pplr8t!
Missing character: There is no “ (U+201C) in font pplr8t!
Missing character: There is no ” (U+201D) in font pplr8t!
Missing character: There is no “ (U+201C) in font pplr8t!
Missing character: There is no ” (U+201D) in font pplr8t!
Missing character: There is no — (U+2014) in font pplr8t!
Missing character: There is no — (U+2014) in font pplr8t!
] (./out/main.toc
LaTeX Font Info:    Trying to load font information for OT1+ppl on input line 4.
 (/usr/local/texlive/2026/texmf-dist/tex/latex/psnfss/ot1ppl.fd
File: ot1ppl.fd 2001/06/04 font definitions for OT1/ppl.
)
LaTeX Font Info:    Trying to load font information for OML+zplm on input line 4.
 (/usr/local/texlive/2026/texmf-dist/tex/latex/psnfss/omlzplm.fd
File: omlzplm.fd 2002/09/08 Fontinst v1.914 font definitions for OML/zplm.
)
LaTeX Font Info:    Trying to load font information for OMS+zplm on input line 4.
 (/usr/local/texlive/2026/texmf-dist/tex/latex/psnfss/omszplm.fd
File: omszplm.fd 2002/09/08 Fontinst v1.914 font definitions for OMS/zplm.
)
LaTeX Font Info:    Trying to load font information for OMX+zplm on input line 4.
 (/usr/local/texlive/2026/texmf-dist/tex/latex/psnfss/omxzplm.fd
File: omxzplm.fd 2002/09/08 Fontinst v1.914 font definitions for OMX/zplm.
)
LaTeX Font Info:    Trying to load font information for OT1+zplm on input line 4.
 (/usr/local/texlive/2026/texmf-dist/tex/latex/psnfss/ot1zplm.fd
File: ot1zplm.fd 2002/09/08 Fontinst v1.914 font definitions for OT1/zplm.
)
LaTeX Font Info:    Font shape `U/msa/m/n' will be
(Font)              scaled to size 12.50409pt on input line 4.
LaTeX Font Info:    Font shape `U/msa/m/n' will be
(Font)              scaled to size 9.37807pt on input line 4.
LaTeX Font Info:    Font shape `U/msa/m/n' will be
(Font)              scaled to size 7.29405pt on input line 4.
LaTeX Font Info:    Font shape `U/msb/m/n' will be
(Font)              scaled to size 12.50409pt on input line 4.
LaTeX Font Info:    Font shape `U/msb/m/n' will be
(Font)              scaled to size 9.37807pt on input line 4.
LaTeX Font Info:    Font shape `U/msb/m/n' will be
(Font)              scaled to size 7.29405pt on input line 4.

Overfull \hbox (4.19272pt too wide) in paragraph at lines 14--14
 [][] [][][]\T1/ppl/m/n/12 Ad-vanced So-ci-etal Model (Model 2): Pro-gres-sive Struc-tural Com- 
 []

[2])
\tf@toc=\write5

\openout5 = main.toc
 [3] (./sections/01_Introduction.tex [4]) (./sections/02_Data.tex [5]
LaTeX Font Info:    Trying to load font information for T1+lmtt on input line 23.
 (/usr/local/texlive/2026/texmf-dist/tex/latex/lm/t1lmtt.fd
File: t1lmtt.fd 2015/05/01 v1.6.1 Font defs for Latin Modern
) [6] [7]
<figures/02_Data/polymod_age_distribution.pdf, id=291, 226.8475pt x 226.8475pt>
File: figures/02_Data/polymod_age_distribution.pdf Graphic file (type pdf)
<use figures/02_Data/polymod_age_distribution.pdf>
Package luatex.def Info: figures/02_Data/polymod_age_distribution.pdf  used on input line 55.
(luatex.def)             Requested size: 217.42265pt x 217.42497pt.
<figures/02_Data/polymod_gender_ratio.pdf, id=292, 226.8475pt x 226.8475pt>
File: figures/02_Data/polymod_gender_ratio.pdf Graphic file (type pdf)
<use figures/02_Data/polymod_gender_ratio.pdf>
Package luatex.def Info: figures/02_Data/polymod_gender_ratio.pdf  used on input line 59.
(luatex.def)             Requested size: 217.42265pt x 217.42497pt.
<figures/02_Data/polymod_contact_matrix_legend.pdf, id=294, 298.11375pt x 226.8475pt>
File: figures/02_Data/polymod_contact_matrix_legend.pdf Graphic file (type pdf)
<use figures/02_Data/polymod_contact_matrix_legend.pdf>
Package luatex.def Info: figures/02_Data/polymod_contact_matrix_legend.pdf  used on input line 74.
(luatex.def)             Requested size: 298.11302pt x 226.84694pt.
 [8<./figures/02_Data/polymod_age_distribution.pdf><./figures/02_Data/polymod_gender_ratio.pdf>]
Overfull \hbox (14.17422pt too wide) in paragraph at lines 80--87
\T1/ppl/m/n/12 the lo-cal-ized in-sti-tu-tional clus-ter-ing of schools and the broader inter-generational bridges
 []

<figures/02_Data/polymod_agediff_location.pdf, id=313, 454.69875pt x 454.69875pt>
File: figures/02_Data/polymod_agediff_location.pdf Graphic file (type pdf)
<use figures/02_Data/polymod_agediff_location.pdf>
Package luatex.def Info: figures/02_Data/polymod_agediff_location.pdf  used on input line 90.
(luatex.def)             Requested size: 454.69763pt x 454.69763pt.

Overfull \hbox (1.72974pt too wide) in paragraph at lines 90--91
 [][] 
 []

[9<./figures/02_Data/polymod_contact_matrix_legend.pdf>]) [10<./figures/02_Data/polymod_agediff_location.pdf>] (./sections/03_NetworkModel/3_1_Model.tex
Overfull \hbox (7.4502pt too wide) in paragraph at lines 4--9
\T1/ppl/m/n/12 thetic pop-u-la-tion as an undi-rected ran-dom graph $\OML/zplm/m/it/12 G \OT1/zplm/m/n/12 = (\OML/zplm/m/it/12 V\OT1/ppl/m/n/12 , \OML/zplm/m/it/12 E\OT1/zplm/m/n/12 )$\T1/ppl/m/n/12 . Here, $\OML/zplm/m/it/12 V \OT1/zplm/m/n/12 = \OMS/zplm/m/n/12 f\OML/zplm/m/it/12 v[]\OT1/ppl/m/n/12 , \OML/zplm/m/it/12 v[]\OT1/ppl/m/n/12 , [] , \OML/zplm/m/it/12 v[]\OMS/zplm/m/n/12 g$
 []


Overfull \hbox (5.81128pt too wide) in paragraph at lines 13--19
\T1/ppl/m/n/12 As a foun-da-tional struc-ture, Model 1 in-cor-po-rates ba-sic de-mo-graphic ho-mophily along-
 []

[11]
LaTeX Font Info:    Trying to load font information for U+fplmbb on input line 20.
 (/usr/local/texlive/2026/texmf-dist/tex/latex/psnfss/ufplmbb.fd
File: ufplmbb.fd 2003/10/30 Fontinst v1.914 font definitions for U/fplmbb.
)
LaTeX Font Info:    Trying to load font information for TS1+ppl on input line 25.
 (/usr/local/texlive/2026/texmf-dist/tex/latex/psnfss/ts1ppl.fd
File: ts1ppl.fd 2001/06/04 font definitions for TS1/ppl.
) [12] [13] [14]) (./sections/03_NetworkModel/3_2_Inference.tex [15] [16]
Overfull \hbox (9.68085pt too wide) in paragraph at lines 46--47
\T1/ppl/m/n/12 mul-ti-vari-ate nor-mal dis-tri-bu-tion: $\OT1/zplm/b/n/12 S\OT1/zplm/m/n/12 ([]) \OMS/zplm/m/n/12  N\OT1/zplm/m/n/12 ([][]\OT1/ppl/m/n/12 , [][]\OT1/zplm/m/n/12 )$\T1/ppl/m/n/12 . The syn-thetic log-likelihood
 []

[17] [18]
Overfull \hbox (0.40753pt too wide) in paragraph at lines 78--85
\T1/ppl/m/n/12 ture math-e-mat-i-cally cor-re-sponds to a known true base-line den-sity pa-ram-e-ter of $\OML/zplm/m/it/12 [] \OMS/zplm/m/n/12 
 []

<figures/03_NetworkModel/poc_traceplot_alpha.pdf, id=408, 454.69875pt x 226.8475pt>
File: figures/03_NetworkModel/poc_traceplot_alpha.pdf Graphic file (type pdf)
<use figures/03_NetworkModel/poc_traceplot_alpha.pdf>
Package luatex.def Info: figures/03_NetworkModel/poc_traceplot_alpha.pdf  used on input line 88.
(luatex.def)             Requested size: 452.9679pt x 225.9885pt.
[19] [20<./figures/03_NetworkModel/poc_traceplot_alpha.pdf>]
Package hyperref Info: bookmark level for unknown algorithm defaults to 0 on input line 109.
 [21] [22]
<figures/03_NetworkModel/model1_comparison_traceplot_alpha.pdf, id=439, 454.69875pt x 226.8475pt>
File: figures/03_NetworkModel/model1_comparison_traceplot_alpha.pdf Graphic file (type pdf)
<use figures/03_NetworkModel/model1_comparison_traceplot_alpha.pdf>
Package luatex.def Info: figures/03_NetworkModel/model1_comparison_traceplot_alpha.pdf  used on input line 196.
(luatex.def)             Requested size: 454.69763pt x 226.84694pt.

Overfull \hbox (1.72974pt too wide) in paragraph at lines 196--197
 [][] 
 []

[23<./figures/03_NetworkModel/model1_comparison_traceplot_alpha.pdf>]
<figures/03_NetworkModel/model1_singlestage_traceplot.pdf, id=452, 454.69875pt x 454.69875pt>
File: figures/03_NetworkModel/model1_singlestage_traceplot.pdf Graphic file (type pdf)
<use figures/03_NetworkModel/model1_singlestage_traceplot.pdf>
Package luatex.def Info: figures/03_NetworkModel/model1_singlestage_traceplot.pdf  used on input line 207.
(luatex.def)             Requested size: 454.69763pt x 454.69763pt.

Overfull \hbox (1.72974pt too wide) in paragraph at lines 207--209
 [][] 
 []

[24<./figures/03_NetworkModel/model1_singlestage_traceplot.pdf>]
<figures/03_NetworkModel/model2b_singlestage_traceplot.pdf, id=466, 454.69875pt x 454.69875pt>
File: figures/03_NetworkModel/model2b_singlestage_traceplot.pdf Graphic file (type pdf)
<use figures/03_NetworkModel/model2b_singlestage_traceplot.pdf>
Package luatex.def Info: figures/03_NetworkModel/model2b_singlestage_traceplot.pdf  used on input line 223.
(luatex.def)             Requested size: 454.69763pt x 454.69763pt.

Overfull \hbox (1.72974pt too wide) in paragraph at lines 223--224
 [][] 
 []

) (./sections/03_NetworkModel/3_3_Results.tex [25<./figures/03_NetworkModel/model2b_singlestage_traceplot.pdf>] [26]
<figures/03_NetworkModel/mean_degree_2x2.pdf, id=486, 454.69875pt x 482.80376pt>
File: figures/03_NetworkModel/mean_degree_2x2.pdf Graphic file (type pdf)
<use figures/03_NetworkModel/mean_degree_2x2.pdf>
Package luatex.def Info: figures/03_NetworkModel/mean_degree_2x2.pdf  used on input line 57.
(luatex.def)             Requested size: 385.02547pt x 408.8307pt.
 [27]
<figures/03_NetworkModel/degree_cdf_2x2.pdf, id=494, 454.69875pt x 454.69875pt>
File: figures/03_NetworkModel/degree_cdf_2x2.pdf Graphic file (type pdf)
<use figures/03_NetworkModel/degree_cdf_2x2.pdf>
Package luatex.def Info: figures/03_NetworkModel/degree_cdf_2x2.pdf  used on input line 69.
(luatex.def)             Requested size: 385.02547pt x 385.03181pt.
 [28<./figures/03_NetworkModel/mean_degree_2x2.pdf>] [29<./figures/03_NetworkModel/degree_cdf_2x2.pdf>]
<figures/03_NetworkModel/agediff_dist_2x2.pdf, id=517, 454.69875pt x 454.69875pt>
File: figures/03_NetworkModel/agediff_dist_2x2.pdf Graphic file (type pdf)
<use figures/03_NetworkModel/agediff_dist_2x2.pdf>
Package luatex.def Info: figures/03_NetworkModel/agediff_dist_2x2.pdf  used on input line 86.
(luatex.def)             Requested size: 385.02547pt x 385.03181pt.
<figures/03_NetworkModel/agediff_cdf_2x2.pdf, id=518, 454.69875pt x 454.69875pt>
File: figures/03_NetworkModel/agediff_cdf_2x2.pdf Graphic file (type pdf)
<use figures/03_NetworkModel/agediff_cdf_2x2.pdf>
Package luatex.def Info: figures/03_NetworkModel/agediff_cdf_2x2.pdf  used on input line 93.
(luatex.def)             Requested size: 385.02547pt x 385.03181pt.
 [30<./figures/03_NetworkModel/agediff_dist_2x2.pdf>] [31<./figures/03_NetworkModel/agediff_cdf_2x2.pdf>]
<figures/03_NetworkModel/diag_step_2x2.pdf, id=541, 454.69875pt x 482.80376pt>
File: figures/03_NetworkModel/diag_step_2x2.pdf Graphic file (type pdf)
<use figures/03_NetworkModel/diag_step_2x2.pdf>
Package luatex.def Info: figures/03_NetworkModel/diag_step_2x2.pdf  used on input line 111.
(luatex.def)             Requested size: 385.02547pt x 408.8307pt.
 [32<./figures/03_NetworkModel/diag_step_2x2.pdf>]
<figures/03_NetworkModel/contact_matrix_2x2_legend.pdf, id=552, 511.9125pt x 454.69875pt>
File: figures/03_NetworkModel/contact_matrix_2x2_legend.pdf Graphic file (type pdf)
<use figures/03_NetworkModel/contact_matrix_2x2_legend.pdf>
Package luatex.def Info: figures/03_NetworkModel/contact_matrix_2x2_legend.pdf  used on input line 125.
(luatex.def)             Requested size: 452.9679pt x 402.34245pt.
 [33]
<figures/03_NetworkModel/residual_matrix_2x2_legend.pdf, id=561, 511.9125pt x 454.69875pt>
File: figures/03_NetworkModel/residual_matrix_2x2_legend.pdf Graphic file (type pdf)
<use figures/03_NetworkModel/residual_matrix_2x2_legend.pdf>
Package luatex.def Info: figures/03_NetworkModel/residual_matrix_2x2_legend.pdf  used on input line 133.
(luatex.def)             Requested size: 452.9679pt x 402.34245pt.
 [34<./figures/03_NetworkModel/contact_matrix_2x2_legend.pdf>] [35<./figures/03_NetworkModel/residual_matrix_2x2_legend.pdf>]) (./sections/04_EpidemicModel/4_1_Model.tex [36]) (./sections/04_EpidemicModel/4_2_Simulation.tex
Overfull \hbox (20.49817pt too wide) in paragraph at lines 3--6
\T1/ppl/m/n/12 We im-ple-mented a stochas-tic Susceptible-Infected-Recovered (SIR) model us-ing a discrete-
 []

[37]) (./sections/04_EpidemicModel/4_3_Comparison.tex [38]
<figures/04_EpidemicModel/sir_baseline_r0_25.pdf, id=613, 454.69875pt x 454.69875pt>
File: figures/04_EpidemicModel/sir_baseline_r0_25.pdf Graphic file (type pdf)
<use figures/04_EpidemicModel/sir_baseline_r0_25.pdf>
Package luatex.def Info: figures/04_EpidemicModel/sir_baseline_r0_25.pdf  used on input line 16.
(luatex.def)             Requested size: 454.69763pt x 454.69763pt.

Overfull \hbox (1.72974pt too wide) in paragraph at lines 16--17
 [][] 
 []

) (./sections/04_EpidemicModel/4_4_DeepDive.tex [39] [40<./figures/04_EpidemicModel/sir_baseline_r0_25.pdf>]
<figures/04_EpidemicModel/network_metrics_baseline_3x2.pdf, id=637, 454.69875pt x 682.55pt>
File: figures/04_EpidemicModel/network_metrics_baseline_3x2.pdf Graphic file (type pdf)
<use figures/04_EpidemicModel/network_metrics_baseline_3x2.pdf>
Package luatex.def Info: figures/04_EpidemicModel/network_metrics_baseline_3x2.pdf  used on input line 16.
(luatex.def)             Requested size: 407.66833pt x 611.9564pt.
) (./sections/04_EpidemicModel/4_5_SchoolIntervention.tex [41] [42<./figures/04_EpidemicModel/network_metrics_baseline_3x2.pdf>] [43]
<figures/04_EpidemicModel/sir_comparison_r0_25.pdf, id=667, 454.69875pt x 682.55pt>
File: figures/04_EpidemicModel/sir_comparison_r0_25.pdf Graphic file (type pdf)
<use figures/04_EpidemicModel/sir_comparison_r0_25.pdf>
Package luatex.def Info: figures/04_EpidemicModel/sir_comparison_r0_25.pdf  used on input line 48.
(luatex.def)             Requested size: 362.37569pt x 543.96819pt.
 [44] [45<./figures/04_EpidemicModel/sir_comparison_r0_25.pdf>]) [46] (./sections/05_Discussion.tex [47] [48]) [49]
Overfull \hbox (49.18553pt too wide) in paragraph at lines 75--75
\T1/ppl/m/n/12 Mod-el-ing. \T1/ppl/m/it/12 Epi-demi-ol-ogy\T1/ppl/m/n/12 , \T1/ppl/m/it/12 36\T1/ppl/m/n/12 (5), 660667. [][]$https : / / doi . org / 10 . 1097 / EDE . 0000000000001876$[][] 
 []

[50]
Overfull \hbox (9.11147pt too wide) in paragraph at lines 75--75
[][]\T1/ppl/m/n/12 Ong, V. M.[]H., Nott, D. J., Tran, M.[]N., Sis-son, S. A., & Drovandi, C. C. (2018). Likelihood-
 []


Overfull \hbox (2.19414pt too wide) in paragraph at lines 75--75
\T1/ppl/m/n/12 free in-fer-ence in high di-men-sions with syn-thetic like-li-hood. \T1/ppl/m/it/12 Com-pu-ta-tional Statis-
 []

[51] (./sections/06_ChangeLog.tex
Overfull \hbox (2.63327pt too wide) in paragraph at lines 6--7
[]\T1/ppl/b/n/12 Re-fine-ment of Prem et al. (2017) De-scrip-tion (Sec-tion 2.1): \T1/ppl/m/n/12 Up-dated the method-
 []

[52] [53]) [54] (./sections/07_Appendix.tex
<figures/06_Appendix/density_bootstrap_m1.pdf, id=775, 454.69875pt x 303.1325pt>
File: figures/06_Appendix/density_bootstrap_m1.pdf Graphic file (type pdf)
<use figures/06_Appendix/density_bootstrap_m1.pdf>
Package luatex.def Info: figures/06_Appendix/density_bootstrap_m1.pdf  used on input line 11.
(luatex.def)             Requested size: 407.66833pt x 271.78062pt.
<figures/06_Appendix/qqplot_bootstrap_m1.pdf, id=776, 454.69875pt x 303.1325pt>
File: figures/06_Appendix/qqplot_bootstrap_m1.pdf Graphic file (type pdf)
<use figures/06_Appendix/qqplot_bootstrap_m1.pdf>
Package luatex.def Info: figures/06_Appendix/qqplot_bootstrap_m1.pdf  used on input line 18.
(luatex.def)             Requested size: 407.66833pt x 271.78062pt.
 [55<./figures/06_Appendix/density_bootstrap_m1.pdf>] [56<./figures/06_Appendix/qqplot_bootstrap_m1.pdf>]
<figures/06_Appendix/density_bootstrap_m2a.pdf, id=800, 454.69875pt x 546.04pt>
File: figures/06_Appendix/density_bootstrap_m2a.pdf Graphic file (type pdf)
<use figures/06_Appendix/density_bootstrap_m2a.pdf>
Package luatex.def Info: figures/06_Appendix/density_bootstrap_m2a.pdf  used on input line 32.
(luatex.def)             Requested size: 385.02547pt x 462.37816pt.
<figures/06_Appendix/qqplot_bootstrap_m2a.pdf, id=801, 454.69875pt x 546.04pt>
File: figures/06_Appendix/qqplot_bootstrap_m2a.pdf Graphic file (type pdf)
<use figures/06_Appendix/qqplot_bootstrap_m2a.pdf>
Package luatex.def Info: figures/06_Appendix/qqplot_bootstrap_m2a.pdf  used on input line 39.
(luatex.def)             Requested size: 385.02547pt x 462.37816pt.
 [57

<./figures/06_Appendix/density_bootstrap_m2a.pdf>] [58<./figures/06_Appendix/qqplot_bootstrap_m2a.pdf>]
<figures/06_Appendix/density_bootstrap_m2b.pdf, id=824, 454.69875pt x 682.55pt>
File: figures/06_Appendix/density_bootstrap_m2b.pdf Graphic file (type pdf)
<use figures/06_Appendix/density_bootstrap_m2b.pdf>
Package luatex.def Info: figures/06_Appendix/density_bootstrap_m2b.pdf  used on input line 53.
(luatex.def)             Requested size: 317.07614pt x 475.96956pt.
<figures/06_Appendix/qqplot_bootstrap_m2b.pdf, id=825, 454.69875pt x 682.55pt>
File: figures/06_Appendix/qqplot_bootstrap_m2b.pdf Graphic file (type pdf)
<use figures/06_Appendix/qqplot_bootstrap_m2b.pdf>
Package luatex.def Info: figures/06_Appendix/qqplot_bootstrap_m2b.pdf  used on input line 60.
(luatex.def)             Requested size: 317.07614pt x 475.96956pt.
 [59

<./figures/06_Appendix/density_bootstrap_m2b.pdf>] [60<./figures/06_Appendix/qqplot_bootstrap_m2b.pdf>]
<figures/06_Appendix/model1_multistage_traceplot_1.pdf, id=848, 454.69875pt x 682.55pt>
File: figures/06_Appendix/model1_multistage_traceplot_1.pdf Graphic file (type pdf)
<use figures/06_Appendix/model1_multistage_traceplot_1.pdf>
Package luatex.def Info: figures/06_Appendix/model1_multistage_traceplot_1.pdf  used on input line 77.
(luatex.def)             Requested size: 339.72592pt x 509.97409pt.
<figures/06_Appendix/model1_singlestage_traceplot_1.pdf, id=849, 454.69875pt x 682.55pt>
File: figures/06_Appendix/model1_singlestage_traceplot_1.pdf Graphic file (type pdf)
<use figures/06_Appendix/model1_singlestage_traceplot_1.pdf>
Package luatex.def Info: figures/06_Appendix/model1_singlestage_traceplot_1.pdf  used on input line 84.
(luatex.def)             Requested size: 385.02547pt x 577.97272pt.
 [61

<./figures/06_Appendix/model1_multistage_traceplot_1.pdf>] [62<./figures/06_Appendix/model1_singlestage_traceplot_1.pdf>]
<figures/06_Appendix/model2a_multistage_traceplot_1.pdf, id=873, 454.69875pt x 682.55pt>
File: figures/06_Appendix/model2a_multistage_traceplot_1.pdf Graphic file (type pdf)
<use figures/06_Appendix/model2a_multistage_traceplot_1.pdf>
Package luatex.def Info: figures/06_Appendix/model2a_multistage_traceplot_1.pdf  used on input line 98.
(luatex.def)             Requested size: 339.72592pt x 509.97409pt.
<figures/06_Appendix/model2a_multistage_traceplot_2.pdf, id=874, 454.69875pt x 454.69875pt>
File: figures/06_Appendix/model2a_multistage_traceplot_2.pdf Graphic file (type pdf)
<use figures/06_Appendix/model2a_multistage_traceplot_2.pdf>
Package luatex.def Info: figures/06_Appendix/model2a_multistage_traceplot_2.pdf  used on input line 102.
(luatex.def)             Requested size: 339.72592pt x 339.73273pt.
<figures/06_Appendix/model2a_singlestage_traceplot_1.pdf, id=875, 454.69875pt x 682.55pt>
File: figures/06_Appendix/model2a_singlestage_traceplot_1.pdf Graphic file (type pdf)
<use figures/06_Appendix/model2a_singlestage_traceplot_1.pdf>
Package luatex.def Info: figures/06_Appendix/model2a_singlestage_traceplot_1.pdf  used on input line 110.
(luatex.def)             Requested size: 339.72592pt x 509.97409pt.
<figures/06_Appendix/model2a_singlestage_traceplot_2.pdf, id=876, 454.69875pt x 454.69875pt>
File: figures/06_Appendix/model2a_singlestage_traceplot_2.pdf Graphic file (type pdf)
<use figures/06_Appendix/model2a_singlestage_traceplot_2.pdf>
Package luatex.def Info: figures/06_Appendix/model2a_singlestage_traceplot_2.pdf  used on input line 114.
(luatex.def)             Requested size: 339.72592pt x 339.73273pt.
 [63

<./figures/06_Appendix/model2a_multistage_traceplot_1.pdf>] [64<./figures/06_Appendix/model2a_multistage_traceplot_2.pdf>] [65<./figures/06_Appendix/model2a_singlestage_traceplot_1.pdf>] [66<./figures/06_Appendix/model2a_singlestage_traceplot_2.pdf>]
<figures/06_Appendix/model2b_multistage_traceplot_1.pdf, id=917, 454.69875pt x 682.55pt>
File: figures/06_Appendix/model2b_multistage_traceplot_1.pdf Graphic file (type pdf)
<use figures/06_Appendix/model2b_multistage_traceplot_1.pdf>
Package luatex.def Info: figures/06_Appendix/model2b_multistage_traceplot_1.pdf  used on input line 128.
(luatex.def)             Requested size: 339.72592pt x 509.97409pt.
<figures/06_Appendix/model2b_multistage_traceplot_2.pdf, id=918, 454.69875pt x 682.55pt>
File: figures/06_Appendix/model2b_multistage_traceplot_2.pdf Graphic file (type pdf)
<use figures/06_Appendix/model2b_multistage_traceplot_2.pdf>
Package luatex.def Info: figures/06_Appendix/model2b_multistage_traceplot_2.pdf  used on input line 132.
(luatex.def)             Requested size: 339.72592pt x 509.97409pt.
<figures/06_Appendix/model2b_singlestage_traceplot_1.pdf, id=919, 454.69875pt x 682.55pt>
File: figures/06_Appendix/model2b_singlestage_traceplot_1.pdf Graphic file (type pdf)
<use figures/06_Appendix/model2b_singlestage_traceplot_1.pdf>
Package luatex.def Info: figures/06_Appendix/model2b_singlestage_traceplot_1.pdf  used on input line 139.
(luatex.def)             Requested size: 339.72592pt x 509.97409pt.
<figures/06_Appendix/model2b_singlestage_traceplot_2.pdf, id=920, 454.69875pt x 682.55pt>
File: figures/06_Appendix/model2b_singlestage_traceplot_2.pdf Graphic file (type pdf)
<use figures/06_Appendix/model2b_singlestage_traceplot_2.pdf>
Package luatex.def Info: figures/06_Appendix/model2b_singlestage_traceplot_2.pdf  used on input line 143.
(luatex.def)             Requested size: 339.72592pt x 509.97409pt.
 [67

<./figures/06_Appendix/model2b_multistage_traceplot_1.pdf>] [68<./figures/06_Appendix/model2b_multistage_traceplot_2.pdf>] [69<./figures/06_Appendix/model2b_singlestage_traceplot_1.pdf>] [70<./figures/06_Appendix/model2b_singlestage_traceplot_2.pdf>]
LaTeX Font Info:    Font shape `U/msa/m/n' will be
(Font)              scaled to size 11.40997pt on input line 165.
LaTeX Font Info:    Font shape `U/msa/m/n' will be
(Font)              scaled to size 8.33606pt on input line 165.
LaTeX Font Info:    Font shape `U/msa/m/n' will be
(Font)              scaled to size 6.25204pt on input line 165.
LaTeX Font Info:    Font shape `U/msb/m/n' will be
(Font)              scaled to size 11.40997pt on input line 165.
LaTeX Font Info:    Font shape `U/msb/m/n' will be
(Font)              scaled to size 8.33606pt on input line 165.
LaTeX Font Info:    Font shape `U/msb/m/n' will be
(Font)              scaled to size 6.25204pt on input line 165.

Overfull \hbox (2.32231pt too wide) in paragraph at lines 188--204
 [][] 
 []

[71

]
LaTeX Font Info:    Font shape `U/msa/m/n' will be
(Font)              scaled to size 10.42007pt on input line 218.
LaTeX Font Info:    Font shape `U/msa/m/n' will be
(Font)              scaled to size 7.91925pt on input line 218.
LaTeX Font Info:    Font shape `U/msb/m/n' will be
(Font)              scaled to size 10.42007pt on input line 218.
LaTeX Font Info:    Font shape `U/msb/m/n' will be
(Font)              scaled to size 7.91925pt on input line 218.
) [72

] (./out/main.aux)
 ***********
LaTeX2e <2025-11-01>
L3 programming layer <2026-01-19>
 ***********
Package rerunfilecheck Info: File `main.out' has not changed.
(rerunfilecheck)             Checksum: 1DCDFC802720655B1D588C05B2FE684A;9527.
Package logreq Info: Writing requests to 'main.run.xml'.

\openout1 = main.run.xml
)

Here is how much of LuaTeX's memory you used:
 23017 strings out of 476076
 125081,1373583 words of node,token memory allocated
 7553 words of node memory still in use:
   6 hlist, 2 vlist, 2 rule, 2 glue, 908 kern, 1 glyph, 814 attribute, 67 glue_spec, 408 attribute_list, 1 write, 9 pdf_action nodes
   avail lists: 1:1,2:970,3:407,4:212,5:132,6:93,7:6229,8:112,9:490,10:19,11:623
 44358 multiletter control sequences out of 65536+600000
 240 fonts using 14840063 bytes
 60i,10n,74p,2158b,5235s stack positions out of 10000i,1000n,20000p,200000b,200000s
{/usr/local/texlive/2026/texmf-dist/fonts/enc/dvips/lm/lm-ec.enc}{/usr/local/texlive/2026/texmf-dist/fonts/enc/dvips/base/8r.enc}</usr/local/texlive/2026/texmf-dist/fonts/type1/public/amsfonts/cm/cmex10.pfb></usr/local/texlive/2026/texmf-dist/fonts/type1/public/amsfonts/cm/cmmi10.pfb></usr/local/texlive/2026/texmf-dist/fonts/type1/public/amsfonts/cm/cmr10.pfb></usr/local/texlive/2026/texmf-dist/fonts/type1/public/amsfonts/cm/cmsy10.pfb></usr/local/texlive/2026/texmf-dist/fonts/type1/public/mathpazo/fplmb.pfb></usr/local/texlive/2026/texmf-dist/fonts/type1/public/mathpazo/fplmbb.pfb></usr/local/texlive/2026/texmf-dist/fonts/type1/public/mathpazo/fplmbi.pfb></usr/local/texlive/2026/texmf-dist/fonts/type1/public/mathpazo/fplmr.pfb></usr/local/texlive/2026/texmf-dist/fonts/type1/public/mathpazo/fplmri.pfb></usr/local/texlive/2026/texmf-dist/fonts/type1/public/lm/lmtt12.pfb></usr/local/texlive/2026/texmf-dist/fonts/type1/urw/palatino/uplb8a.pfb></usr/local/texlive/2026/texmf-dist/fonts/type1/urw/palatino/uplr8a.pfb></usr/local/texlive/2026/texmf-dist/fonts/type1/urw/palatino/uplri8a.pfb>
Output written on main.pdf (72 pages, 17386024 bytes).

PDF statistics: 1031 PDF objects out of 1200 (max. 8388607)
 863 compressed objects within 9 object streams
 214 named destinations out of 1000 (max. 1048576)
 361 words of extra memory for PDF output out of 10000 (max. 100000000)

